exports[`test PhilosopherFullName renders correctly 1`] = `
<span>
  Zachary
   
  Miller
</span>
`;
